stm32f4xx_hal_uart.c:3287:13:UART_EndRxTransfer	0	static
stm32f4xx_hal_uart.c:3634:13:UART_SetConfig	16	static
stm32f4xx_hal_uart.c:2963:13:UART_DMATransmitCplt	0	static
stm32f4xx_hal_uart.c:3150:26:UART_WaitOnFlagUntilTimeout.constprop	24	static
stm32f4xx_hal_uart.c:708:13:HAL_UART_MspInit	0	static
stm32f4xx_hal_uart.c:355:19:HAL_UART_Init	8	static
stm32f4xx_hal_uart.c:432:19:HAL_HalfDuplex_Init	8	static
stm32f4xx_hal_uart.c:505:19:HAL_LIN_Init	16	static
stm32f4xx_hal_uart.c:586:19:HAL_MultiProcessor_Init	16	static
stm32f4xx_hal_uart.c:723:13:HAL_UART_MspDeInit	0	static
stm32f4xx_hal_uart.c:663:19:HAL_UART_DeInit	8	static
stm32f4xx_hal_uart.c:1133:19:HAL_UART_Transmit	32	static
stm32f4xx_hal_uart.c:1221:19:HAL_UART_Receive	32	static
stm32f4xx_hal_uart.c:1312:19:HAL_UART_Transmit_IT	0	static
stm32f4xx_hal_uart.c:1392:19:HAL_UART_Transmit_DMA	16	static
stm32f4xx_hal_uart.c:1490:19:HAL_UART_DMAPause	0	static
stm32f4xx_hal_uart.c:1527:19:HAL_UART_DMAResume	8	static
stm32f4xx_hal_uart.c:1563:19:HAL_UART_DMAStop	8	static
stm32f4xx_hal_uart.c:1618:19:HAL_UARTEx_ReceiveToIdle	40	static
stm32f4xx_hal_uart.c:1862:19:HAL_UART_Abort	8	static
stm32f4xx_hal_uart.c:1951:19:HAL_UART_AbortTransmit	8	static
stm32f4xx_hal_uart.c:2002:19:HAL_UART_AbortReceive	8	static
stm32f4xx_hal_uart.c:2592:13:HAL_UART_TxHalfCpltCallback	0	static
stm32f4xx_hal_uart.c:2998:13:UART_DMATxHalfCplt	8	static
stm32f4xx_hal_uart.c:2614:13:HAL_UART_RxHalfCpltCallback	0	static
stm32f4xx_hal_uart.c:2629:13:HAL_UART_ErrorCallback	0	static
stm32f4xx_hal_uart.c:3109:13:UART_DMAError	8	static
stm32f4xx_hal_uart.c:3311:13:UART_DMAAbortOnError	8	static
stm32f4xx_hal_uart.c:2643:13:HAL_UART_AbortCpltCallback	0	static
stm32f4xx_hal_uart.c:2063:19:HAL_UART_Abort_IT	8	static
stm32f4xx_hal_uart.c:3381:13:UART_DMARxAbortCallback	8	static
stm32f4xx_hal_uart.c:3335:13:UART_DMATxAbortCallback	8	static
stm32f4xx_hal_uart.c:2658:13:HAL_UART_AbortTransmitCpltCallback	0	static
stm32f4xx_hal_uart.c:2198:19:HAL_UART_AbortTransmit_IT	8	static
stm32f4xx_hal_uart.c:3427:13:UART_DMATxOnlyAbortCallback	8	static
stm32f4xx_hal_uart.c:2673:13:HAL_UART_AbortReceiveCpltCallback	0	static
stm32f4xx_hal_uart.c:2275:19:HAL_UART_AbortReceive_IT	8	static
stm32f4xx_hal_uart.c:3455:13:UART_DMARxOnlyAbortCallback	8	static
stm32f4xx_hal_uart.c:2690:13:HAL_UARTEx_RxEventCallback	0	static
stm32f4xx_hal_uart.c:3546:26:UART_Receive_IT	8	static
stm32f4xx_hal_uart.c:2353:6:HAL_UART_IRQHandler	24	static
stm32f4xx_hal_uart.c:3074:13:UART_DMARxHalfCplt	8	static
stm32f4xx_hal_uart.c:3017:13:UART_DMAReceiveCplt	8	static
stm32f4xx_hal_uart.c:2730:19:HAL_LIN_SendBreak	0	static
stm32f4xx_hal_uart.c:2757:19:HAL_MultiProcessor_EnterMuteMode	0	static
stm32f4xx_hal_uart.c:2784:19:HAL_MultiProcessor_ExitMuteMode	0	static
stm32f4xx_hal_uart.c:2811:19:HAL_HalfDuplex_EnableTransmitter	0	static
stm32f4xx_hal_uart.c:2846:19:HAL_HalfDuplex_EnableReceiver	0	static
stm32f4xx_hal_uart.c:2903:23:HAL_UART_GetState	0	static
stm32f4xx_hal_uart.c:2918:10:HAL_UART_GetError	0	static
stm32f4xx_hal_uart.c:3188:19:UART_Start_Receive_IT	0	static
stm32f4xx_hal_uart.c:1357:19:HAL_UART_Receive_IT	12	static
stm32f4xx_hal_uart.c:1744:19:HAL_UARTEx_ReceiveToIdle_IT	24	static
stm32f4xx_hal_uart.c:3223:19:UART_Start_Receive_DMA	24	static
stm32f4xx_hal_uart.c:1460:19:HAL_UART_Receive_DMA	12	static
stm32f4xx_hal_uart.c:1805:19:HAL_UARTEx_ReceiveToIdle_DMA	24	static
