stm32f4xx_hal_usart.c:2351:13:USART_EndRxTransfer	0	static
stm32f4xx_hal_usart.c:2298:26:USART_WaitOnFlagUntilTimeout.constprop	24	static
stm32f4xx_hal_usart.c:400:13:HAL_USART_MspInit	0	static
stm32f4xx_hal_usart.c:298:19:HAL_USART_Init	16	static
stm32f4xx_hal_usart.c:415:13:HAL_USART_MspDeInit	0	static
stm32f4xx_hal_usart.c:357:19:HAL_USART_DeInit	8	static
stm32f4xx_hal_usart.c:747:19:HAL_USART_Transmit	32	static
stm32f4xx_hal_usart.c:836:19:HAL_USART_Receive	32	static
stm32f4xx_hal_usart.c:937:19:HAL_USART_TransmitReceive	32	static
stm32f4xx_hal_usart.c:1076:19:HAL_USART_Transmit_IT	8	static
stm32f4xx_hal_usart.c:1129:19:HAL_USART_Receive_IT	8	static
stm32f4xx_hal_usart.c:1179:19:HAL_USART_TransmitReceive_IT	12	static
stm32f4xx_hal_usart.c:1234:19:HAL_USART_Transmit_DMA	16	static
stm32f4xx_hal_usart.c:1301:19:HAL_USART_Receive_DMA	32	static
stm32f4xx_hal_usart.c:1396:19:HAL_USART_TransmitReceive_DMA	32	static
stm32f4xx_hal_usart.c:1483:19:HAL_USART_DMAPause	0	static
stm32f4xx_hal_usart.c:1503:19:HAL_USART_DMAResume	0	static
stm32f4xx_hal_usart.c:1523:19:HAL_USART_DMAStop	8	static
stm32f4xx_hal_usart.c:1580:19:HAL_USART_Abort	8	static
stm32f4xx_hal_usart.c:1927:13:HAL_USART_TxCpltCallback	0	static
stm32f4xx_hal_usart.c:2104:13:USART_DMATransmitCplt	8	static
stm32f4xx_hal_usart.c:1942:13:HAL_USART_TxHalfCpltCallback	0	static
stm32f4xx_hal_usart.c:2143:13:USART_DMATxHalfCplt	8	static
stm32f4xx_hal_usart.c:1957:13:HAL_USART_RxCpltCallback	0	static
stm32f4xx_hal_usart.c:2541:26:USART_Receive_IT	8	static
stm32f4xx_hal_usart.c:1972:13:HAL_USART_RxHalfCpltCallback	0	static
stm32f4xx_hal_usart.c:2236:13:USART_DMARxHalfCplt	8	static
stm32f4xx_hal_usart.c:1987:13:HAL_USART_TxRxCpltCallback	0	static
stm32f4xx_hal_usart.c:2162:13:USART_DMAReceiveCplt	8	static
stm32f4xx_hal_usart.c:2617:26:USART_TransmitReceive_IT	8	static
stm32f4xx_hal_usart.c:2002:13:HAL_USART_ErrorCallback	0	static
stm32f4xx_hal_usart.c:2255:13:USART_DMAError	8	static
stm32f4xx_hal_usart.c:1765:6:HAL_USART_IRQHandler	16	static
stm32f4xx_hal_usart.c:2367:13:USART_DMAAbortOnError	8	static
stm32f4xx_hal_usart.c:2016:13:HAL_USART_AbortCpltCallback	0	static
stm32f4xx_hal_usart.c:1646:19:HAL_USART_Abort_IT	8	static
stm32f4xx_hal_usart.c:2433:13:USART_DMARxAbortCallback	8	static
stm32f4xx_hal_usart.c:2390:13:USART_DMATxAbortCallback	8	static
stm32f4xx_hal_usart.c:2055:24:HAL_USART_GetState	0	static
stm32f4xx_hal_usart.c:2066:10:HAL_USART_GetError	0	static
