stm32f4xx_hal_spi.c:3841:13:SPI_AbortRx_ISR	8	static
stm32f4xx_hal_spi.c:3877:13:SPI_AbortTx_ISR	0	static
stm32f4xx_hal_spi.c:3465:26:SPI_WaitFlagStateUntilTimeout.constprop	32	static
stm32f4xx_hal_spi.c:3532:26:SPI_EndRxTransaction	16	static
stm32f4xx_hal_spi.c:3582:26:SPI_EndRxTxTransaction	24	static
stm32f4xx_hal_spi.c:483:13:HAL_SPI_MspInit	0	static
stm32f4xx_hal_spi.c:313:19:HAL_SPI_Init	8	static
stm32f4xx_hal_spi.c:499:13:HAL_SPI_MspDeInit	0	static
stm32f4xx_hal_spi.c:439:19:HAL_SPI_DeInit	8	static
stm32f4xx_hal_spi.c:771:19:HAL_SPI_Transmit	40	static
stm32f4xx_hal_spi.c:1134:19:HAL_SPI_TransmitReceive	40	static
stm32f4xx_hal_spi.c:936:19:HAL_SPI_Receive	32	static
stm32f4xx_hal_spi.c:1358:19:HAL_SPI_Transmit_IT	0	static
stm32f4xx_hal_spi.c:1537:19:HAL_SPI_TransmitReceive_IT	12	static
stm32f4xx_hal_spi.c:1443:19:HAL_SPI_Receive_IT	12	static
stm32f4xx_hal_spi.c:1625:19:HAL_SPI_Transmit_DMA	16	static
stm32f4xx_hal_spi.c:1848:19:HAL_SPI_TransmitReceive_DMA	16	static
stm32f4xx_hal_spi.c:1733:19:HAL_SPI_Receive_DMA	24	static
stm32f4xx_hal_spi.c:1994:19:HAL_SPI_Abort	24	static
stm32f4xx_hal_spi.c:2300:19:HAL_SPI_DMAPause	0	static
stm32f4xx_hal_spi.c:2320:19:HAL_SPI_DMAResume	0	static
stm32f4xx_hal_spi.c:2340:19:HAL_SPI_DMAStop	16	static
stm32f4xx_hal_spi.c:2487:13:HAL_SPI_TxCpltCallback	0	static
stm32f4xx_hal_spi.c:2503:13:HAL_SPI_RxCpltCallback	0	static
stm32f4xx_hal_spi.c:2525:13:HAL_SPI_TxHalfCpltCallback	0	static
stm32f4xx_hal_spi.c:2889:13:SPI_DMAHalfTransmitCplt	8	static
stm32f4xx_hal_spi.c:2541:13:HAL_SPI_RxHalfCpltCallback	0	static
stm32f4xx_hal_spi.c:2907:13:SPI_DMAHalfReceiveCplt	8	static
stm32f4xx_hal_spi.c:2557:13:HAL_SPI_TxRxHalfCpltCallback	0	static
stm32f4xx_hal_spi.c:2925:13:SPI_DMAHalfTransmitReceiveCplt	8	static
stm32f4xx_hal_spi.c:2573:13:HAL_SPI_ErrorCallback	0	static
stm32f4xx_hal_spi.c:3780:13:SPI_CloseTx_ISR	16	static
stm32f4xx_hal_spi.c:3410:13:SPI_TxISR_8BIT	0	static
stm32f4xx_hal_spi.c:3435:13:SPI_TxISR_16BIT	4	static
stm32f4xx_hal_spi.c:3717:13:SPI_CloseRx_ISR	16	static
stm32f4xx_hal_spi.c:3321:13:SPI_RxISR_8BIT	0	static
stm32f4xx_hal_spi.c:3377:13:SPI_RxISR_16BIT	0	static
stm32f4xx_hal_spi.c:3622:13:SPI_CloseRxTx_ISR	16	static
stm32f4xx_hal_spi.c:3172:13:SPI_2linesTxISR_8BIT	0	static
stm32f4xx_hal_spi.c:3112:13:SPI_2linesRxISR_8BIT	0	static
stm32f4xx_hal_spi.c:3264:13:SPI_2linesTxISR_16BIT	4	static
stm32f4xx_hal_spi.c:3208:13:SPI_2linesRxISR_16BIT	4	static
stm32f4xx_hal_spi.c:2943:13:SPI_DMAError	8	static
stm32f4xx_hal_spi.c:2663:13:SPI_DMATransmitCplt	24	static
stm32f4xx_hal_spi.c:2720:13:SPI_DMAReceiveCplt	16	static
stm32f4xx_hal_spi.c:2809:13:SPI_DMATransmitReceiveCplt	16	static
stm32f4xx_hal_spi.c:2380:6:HAL_SPI_IRQHandler	40	static
stm32f4xx_hal_spi.c:2966:13:SPI_DMAAbortOnError	8	static
stm32f4xx_hal_spi.c:2591:13:HAL_SPI_AbortCpltCallback	0	static
stm32f4xx_hal_spi.c:2139:19:HAL_SPI_Abort_IT	32	static
stm32f4xx_hal_spi.c:3053:13:SPI_DMARxAbortCallback	16	static
stm32f4xx_hal_spi.c:2988:13:SPI_DMATxAbortCallback	24	static
stm32f4xx_hal_spi.c:2626:22:HAL_SPI_GetState	0	static
stm32f4xx_hal_spi.c:2638:10:HAL_SPI_GetError	0	static
